01:57:39 **** Incremental Build of configuration Debug for project tinyNPU_app ****
make pre-build main-build 
a9-linaro-pre-build-step
' '
'Building file: ../src/helloworld.c'
'Invoking: ARM v7 gcc compiler'
arm-none-eabi-gcc -Wall -O0 -g3 -c -fmessage-length=0 -MT"src/helloworld.o" -mcpu=cortex-a9 -mfpu=vfpv3 -mfloat-abi=hard -I../../tinyNPU_app_bsp/ps7_cortexa9_0/include -MMD -MP -MF"src/helloworld.d" -MT"src/helloworld.o" -o "src/helloworld.o" "../src/helloworld.c"
In file included from ../src/helloworld.c:13:
../../tinyNPU_app_bsp/ps7_cortexa9_0/include/xtime_l.h:87:9: note: #pragma message: For the sleep routines, Global timer is being used
 #pragma message ("For the sleep routines, Global timer is being used")
         ^~~~~~~
'Finished building: ../src/helloworld.c'
' '
'Building target: tinyNPU_app.elf'
'Invoking: ARM v7 gcc linker'
arm-none-eabi-gcc -mcpu=cortex-a9 -mfpu=vfpv3 -mfloat-abi=hard -Wl,-build-id=none -specs=Xilinx.spec -Wl,-T -Wl,../src/lscript.ld -L../../tinyNPU_app_bsp/ps7_cortexa9_0/lib -o "tinyNPU_app.elf"  ./src/helloworld.o ./src/platform.o   -Wl,--start-group,-lxil,-lgcc,-lc,--end-group
'Finished building target: tinyNPU_app.elf'
' '
'Invoking: ARM v7 Print Size'
arm-none-eabi-size tinyNPU_app.elf  |tee "tinyNPU_app.elf.size"
   text	   data	    bss	    dec	    hex	filename
  64740	   3360	  23392	  91492	  16564	tinyNPU_app.elf
'Finished building: tinyNPU_app.elf.size'
' '

01:57:40 Build Finished (took 867ms)

